// Jest Snapshot v1, https://goo.gl/fbAQLP

exports[`renders middle container matches snapshot 1`] = `
<DocumentFragment>
  <div
    class="hn-middle-section"
  >
    <ul />
  </div>
</DocumentFragment>
`;
